
PLAY [Проверить результат выполнения домашнего задания] ************************

TASK [Gathering Facts] *********************************************************
ok: [localhost]

TASK [Проверить каталог распакованного архива] *********************************
ok: [localhost]

TASK [Прочитать MOTD] **********************************************************
ok: [localhost]

TASK [Собрать сведения о службах] **********************************************
ok: [localhost]

TASK [Проверить HTTP-ответ Apache] *********************************************
ok: [localhost]

TASK [Подтвердить ожидаемое состояние системы] *********************************
ok: [localhost] => (item=ubuntu-gnu-linux-24-04-3) => {
    "ansible_loop_var": "item",
    "changed": false,
    "item": "ubuntu-gnu-linux-24-04-3",
    "msg": "Архив, MOTD, tuned и Apache успешно проверены."
}
ok: [localhost] => (item=Хорошего дня, системный администратор!) => {
    "ansible_loop_var": "item",
    "changed": false,
    "item": "Хорошего дня, системный администратор!",
    "msg": "Архив, MOTD, tuned и Apache успешно проверены."
}

TASK [Проверить характеристики на веб-странице] ********************************
ok: [localhost] => {
    "changed": false,
    "msg": "Веб-страница содержит все требуемые характеристики."
}

PLAY RECAP *********************************************************************
localhost                  : ok=7    changed=0    unreachable=0    failed=0    skipped=0    rescued=0    ignored=0
